// Jest Snapshot v1, https://goo.gl/fbAQLP

exports[`Avatar renders without crashing 1`] = `
<DocumentFragment>
  <div
    class="avatar sb-avatar"
    style="display: inline-block; vertical-align: middle; width: 40px; height: 40px; border-radius: 100%; font-family: Helvetica, Arial, sans-serif;"
  >
    <div
      class="avatar sb-avatar__text"
      style="width: 40px; height: 40px; line-height: initial; text-align: center; color: rgb(255, 255, 255); border-radius: 100%;"
    >
      <div
        style="display: table; table-layout: fixed; width: 100%; height: 100%;"
      >
        <span
          style="display: table-cell; vertical-align: middle; font-size: 100%; white-space: nowrap;"
        >
          <span />
        </span>
      </div>
    </div>
  </div>
</DocumentFragment>
`;
